venv\Scripts\python.exe : Warning: You are sending unauthenticated requests to the HF Hub. Please set a HF_TOKEN to 
enable higher rate limits and faster downloads.
At line:1 char:1
+ venv\Scripts\python.exe scripts/test_model.py 2>&1 | Out-File -Encodi ...
+ ~~~~~~~~~~~~~~~~~~~~~~~~~~~~~~~~~~~~~~~~~~~~~~~~~~
    + CategoryInfo          : NotSpecified: (Warning: You ar...ster downloads.:String) [], RemoteException
    + FullyQualifiedErrorId : NativeCommandError
 
Device: cuda
Loading processor...
Loading base model...

Loading weights:   0%|          | 0/479 [00:00<?, ?it/s]
Loading weights:  33%|###2      | 158/479 [00:00<00:00, 1574.22it/s]
Loading weights: 100%|##########| 479/479 [00:00<00:00, 3302.65it/s]
[transformers] Using custom `forced_decoder_ids` from the (generation) config. This is deprecated in favor of the 
`task` and `language` flags/config options.
[transformers] The attention mask is not set and cannot be inferred from input because pad token is same as eos token. 
As a consequence, you may observe unexpected behavior. Please pass your input's `attention_mask` to obtain reliable 
results.
[transformers] A custom logits processor of type <class 
'transformers.generation.logits_process.SuppressTokensLogitsProcessor'> has been passed to `.generate()`, but it was 
also created in `.generate()`, given its parameterization. The custom <class 
'transformers.generation.logits_process.SuppressTokensLogitsProcessor'> will take precedence. Please check the 
docstring of <class 'transformers.generation.logits_process.SuppressTokensLogitsProcessor'> to see related 
`.generate()` flags.
[transformers] A custom logits processor of type <class 
'transformers.generation.logits_process.SuppressTokensAtBeginLogitsProcessor'> has been passed to `.generate()`, but 
it was also created in `.generate()`, given its parameterization. The custom <class 
'transformers.generation.logits_process.SuppressTokensAtBeginLogitsProcessor'> will take precedence. Please check the 
docstring of <class 'transformers.generation.logits_process.SuppressTokensAtBeginLogitsProcessor'> to see related 
`.generate()` flags.
[transformers] Ignoring clean_up_tokenization_spaces=True for BPE tokenizer WhisperTokenizer. The 
clean_up_tokenization post-processing step is designed for WordPiece tokenizers and is destructive for BPE (it strips 
spaces before punctuation). Set clean_up_tokenization_spaces=False to suppress this warning, or set 
clean_up_tokenization_spaces_for_bpe_even_though_it_will_corrupt_output=True to force cleanup anyway.
Applying LoRA weights...

Listening to: data/audio/TTS167872700.wav
Duration: 11.3s
--------------------------------------------------

The AI heard:
.
--------------------------------------------------
